/\$1\0\0\0 to spend at your local costco before the end of day tomorrow – it's yours/i
/1\0\-day detox program nuubu/i
/\[1\0 grados\] datos de acceso/i
/12\-month membership offer with a keurig k\-elite included/i
/13th malaysian road conference \- call for papers/i
/1 document \(salary compensation\.pdf\) ready for signature\./i
/1st page of google/i
/2ª avaliação de desempenho \- 3º ofício de notas de governador valadares/i
/3cx\: lost call in queue inbound \- default/i
/\(3\) pending mails\!\!/i
/4 tools\. 1 board\. \0 bacteria\./i
/a 12\-month membership and a keurig k\-elite coffee maker/i
/a 12\-month membership package with a keurig k\-elite/i
/aaa licensed driver road kit\, complimentary/i
/aaa licensed drivers can request a complimentary road kit/i
/aaa licensed drivers\: claim your road kit/i
/aaa licensed drivers\, here's a complimentary road kit/i
/access your complimentary road kit from aaa/i
/account credited successfully/i
/a coffee machine to go with your membership/i
/a complimentary road kit for aaa licensed drivers/i
/a courtesy gift following your marriott stay/i
/\[action required\] review audit logging usage before aug 18\, 2\026/i
/action required\: storage capacity nearly reached/i
/action required\: updat/i
/actividad reciente/i
/activo comercial lira con mata 5\,25% mensual rentabilidad asegurada/i
/add this to your coffee \(fat starts melting\)/i
/a free coffee maker with your membership/i
/a friendly reminder for aaa drivers/i
/a helpful kit for aaa drivers/i
/\[aido network international\] login details/i
/\[aido network international\] new user registration/i
/aktion erforderlich\: vr securego plus update bis 19\. februar/i
/alanya home service \- your local partner "\[your\-name\]"/i
/a little something extra with your 12\-month membership/i
/a little something for your glovebox/i
/alta tecnología para contadores con starsoft/i
/ansprüche geltend machen mit expertenunterstützung/i
/anspruchsprüfung durch spezialisten/i
/anspruchsprüfung ohne kostenrisiko/i
/anwaltliche erstberatung ohne kosten/i
/anwaltliche erstprüfung angeboten/i
/anwaltliche hilfe bei finanzschäden/i
/anwaltliche unterstützung bei vermögensschäden/i
/app idea \?/i
/application loged in/i
/appointment reminder/i
/a quick note about your ego blower and gift card from lowes/i
/a quick note about your membership/i
/a road kit for aaa members/i
/a road safety kit for aaa licensed drivers/i
/as a thank you for your last costco visit\, we have gift waiting/i
/asel professional estate liquidator application notification/i
/a small thank\-you for staying with marriott/i
/a small thank\-you for your recent stay/i
/a taste of omaha steaks for you/i
/a thank\-you for your recent marriott visit/i
/a thank\-you note following your marriott stay/i
/a thank\-you note from marriott/i
/a token of thanks from your marriott visit/i
/auto response\: \*never\* lose your 'wallet' again—track it anywhere \!\!\!/i
/aviso de nuevo pago programado/i
/aviso de transferencia de fondos/i
/avoid knee surgery \(do this instead\)/i
/a year\-long membership with a keurig k\-elite coffee machine included/i
/\[ babylon chamber \] تعليق\: "اخبار الغرفة"/i
/bal küpü akıllı tahta şifre sıfırlama\!/i
/banco do brasil \- boleto de cobrança/i
/beautiful \& unique matsato knives – now 7\0% off\!/i
/beratung bei finanziellen streitigkeiten/i
/beratung durch erfahrene fachanwälte/i
/beratungsangebot bei vermögensschäden/i
/beratungseinladung unserer kanzlei/i
/beratungsmöglichkeit für geschädigte/i
/beratungstermin ohne verpflichtung/i
/beratung zu ihren handlungsoptionen/i
/bevestiging contact\- en ondernemingsgegevens \(rsvz\)/i
/bluecross has an update about your coverage for 2\026/i
/bluecross has an update on your coverage for 2\026/i
/bluecross has an update regarding your coverage for 2\026 now/i
/bluecross has an update regarding your coverage for the year 2\026/i
/bluecross has an update regarding your coverage in 2\026/i
/boletos/i
/boost your bench sales with "www\.activejobs\.us" – register today/i
/boynton's premier home watch service\./i
/c\0rpz stmp test \- valid configuration/i
/cadastro efetuado com sucesso/i
/cambiando miradas\.\.\.\./i
/can you say this 1 word\? \(dementia test\)/i
/check out your steak sampler offer/i
/cii certified professional in resource efficiency and environmental sustainability\: 28 feb \- 4 apr 2\026/i
/cii glc\: nus iss singapore certification programme digital sustainability for strategic leaders \& industry exposure\: 9 \- 13 march 2\026\, singapore/i
/cinsel güç artırıcı takviyeler hesabınız oluşturuldu\!/i
/\[cinsel güç artırıcı takviyeler\] lütfen denetleyin\: "48 hours cinsel enerji içeceği"/i
/clientexec service plugin error notification/i
/\[cobran\?a\] aviso de pend\?ncia de pagamento empresa xxxxxxx/i
/\[cobran\?a\] lembrete de pagamento empresa xxxxxxxx/i
/combining membership and coffee with keurig k\-elite/i
/common food linked to dementia/i
/como a maxipas vai apoiar sua empresa na nova exigência da nr\-1/i
/cómo aplicar la ia en la empresa/i
/¿cómo difundir tu oferta a empresas\?/i
/company profile\: iso certification services \- insurance services \- business setup services/i
/comprobante de pago /i
/\[confidential information\] \:attention info \,check the status of your 2\026 annual leave \& schedule updates\./i
/\[confidential information\] \: check the status of your annual leave \& schedule updates\./i
/confirm your signature \: dzaw4pjbul/i
/connectivity boost in assam\, record infrastructure push and pm's exclusive interview — explore the details in the newsletter /i
/consori investimentos "\[your\-subject\]"/i
/contato micro metal para desenvolvimento novos produtos /i
/credor precatório \[precnet\]/i
/¡cuchillos matsato hermosos y únicos – ahora con 7\0% de descuento\!/i
/curso\: gestión energía iso 5\0\0\01 \- eficiencia energética/i
/\?‍\?\? cursos que iniciam agora em março na mj capacitações \- em fortaleza\-ce/i
/cxs scan on nvme\05\.netcloudns\.com \(hits\:1\) \(viruses\:\0\) \(fingerprints\:\0\)/i
/cyber safety education and well\-being at your institution/i
/dashboard de evaluación del desempeño/i
/dcwurld smtp hits/i
/dectado uma actividad inusual em su cuenta empresas\./i
/deposit successful/i
/details regarding your upcoming stay/i
/din cc isenkram ordre er blevet modtaget\!/i
/diskreter rechtsbeistand bei betrugsschäden/i
/diskreter rechtsbeistand verfügbar/i
/diskretes beratungsangebot/i
/doğrulama kodu \/ verification code \/ codice di verifica/i
/drinking this lowers a1c to normal in thousands\.\.\./i
/d\.sachin's location/i
/ð unisalute ti regala un kit dentale oral\-b completo â approfittane ora\!/i
/duruşu iyileştirmek ve ayak ağrısını azaltmak için tabanlıklar\./i
/e\-fax \-notification /i
/einladung zum vertraulichen erstgespräch/i
/einladung zur anspruchsprüfung/i
/einladung zur erstberatung/i
/einladung zur unverbindlichen fallprüfung/i
/einschätzung ihrer ansprüche ohne kosten/i
/eks başvurunuz/i
/eks başvurusu/i
/email address verification/i
/enquiry from www\.frsgroupindia\.com/i
/enquiry of www\.frsgroupindia\.com/i
/\? \*erro de execução \| fluxo \02 \| processar filahotmartvendas desativado \| n8n grupo pro\*/i
/esign nqiot6ul64 sign ready/i
/evite transtornos\, confirme seu email terça\-feira\, 17 de fevereiro de 2\026/i
/exit the matrix\.\.\. fund your freedom with crypto\./i
/expertenrat bei vermögensverlusten/i
/expertenteam für vermögensrückgewinnung/i
/fachanwalt für kapitalmarktrecht informiert/i
/fachanwaltliche betreuung möglich/i
/fachanwaltliche erstberatung angeboten/i
/fachanwaltliche expertise bei finanzschäden/i
/fachanwalt prüft ihre ansprüche/i
/fachanwalt steht ihnen zur seite/i
/fachkundige beratung bei kapitalanlagebetrug/i
/fachkundige hilfe bei finanzbetrug/i
/factura\-\09876/i
/fatura vencida web/i
/feirão \- oportunidade única/i
/fenomen okul şifre sıfırlama\!/i
/final notification\: outstanding balance resolution required/i
/final warning\: mailbox upgrade required/i
/fiyat teklif isteği/i
/\[fly infinity\] login details/i
/foreign resident capital gains withholding clearance certificate decision sec=official\: sensitive/i
/form submission/i
/for your participation\, you will receive a \$75\0 gift card/i
/for your participation\, you will receive a \$75\0 gift card\./i
/fwd\: amazonprime \- pagamento recusado\./i
/fwd\: santanderway \- atualize seus dados\./i
/fyndcareer\: subscription confirmed\!/i
/gestione sus finanzas con kpis de solvencia liquidez etc/i
/giresun birlik/i
/handlungsmöglichkeiten bei vermögensverlust/i
/help protect your home and avoid the hassles of home repair with ahs\!/i
/here is your \$1\0\0\0 gift card\, thank you for your time/i
/here is your complimentary aaa road kit/i
/here's the information on your aaa road kit/i
/here's what's included with your membership/i
/hosting account resources exceeded/i
/hourly complaint info \- 144\.46/i
/ihre ansprüche fachanwaltlich prüfen/i
/ihre ansprüche könnten noch durchsetzbar sein/i
/ihre ansprüche professionell durchsetzen/i
/ihre chancen auf rückerstattung/i
/ihre möglichkeiten der schadenswiedergutmachung/i
/ihre möglichkeiten im rahmen des rechts/i
/ihre rechte als geschädigter wahrnehmen/i
/ihre rechtlichen handlungsoptionen bei finanzbetrug/i
/ihre rechtlichen möglichkeiten im überblick/i
/ihre rechtliche situation analysieren/i
/ihre situation vertraulich besprechen/i
/ihr weg zur vermögensrückführung/i
/\(i'm a buyer\) i’m still waiting for your response/i
/immediate attention needed\: messages held in queue/i
/important\!\! horzon erp daily data backup nofication email/i
/information\: rechtliche handlungsoptionen/i
/information zu ihren rechtlichen möglichkeiten/i
/information zu rückgewinnungsoptionen/i
/insoles to improve posture and reduce foot pain\./i
/interest added to your balance/i
/invoice copy\./i
/invoice payment reminder/i
/\[isabiclick technology\] registration has been successful/i
/jemex\[\.\]net best tools shop\[ cpanel with niche\-shells\-office365 admin\-office godaddy\-smtp\-japan smtp\-webmail\-rdp and more\.\.\]/i
/juristische erstprüfung ohne risiko/i
/juristische unterstützung bei betrug/i
/juspaid \- payout credited/i
/juspaid \- payout generated/i
/just a heads\-up on your membership/i
/just one more step to get started on abhira\.in – a premium community for developers\, engineers \& tech leaders/i
/kanzleiangebot zur fallprüfung/i
/kanzlei für anlegerschutz informiert/i
/kanzlei für vermögensrückgewinnung berät/i
/kanzlei informiert über möglichkeiten/i
/kanzleischreiben\: rechtliche optionen/i
/knot smtp checker \- smtp configuration found/i
/kostenfreie ersteinschätzung ihres falles/i
/kostenfreie juristische erstprüfung/i
/kostenlose prüfung ihrer erfolgsaussichten/i
/kpis financieros indicadores de gestión/i
/lembrete mais suprimentos/i
/let’s start getting to know each other\./i
/letzte erinnerung\: bestätigung ihrer kryptowerte\-daten erforderlich – fristablauf 22\.\02\.2\026/i
/letzte erinnerung\: verifizierung von kryptowährungen 2\025\/2\026 – frist endet am 22\/\02/i
/limited\-time\: your medicare kit awaits/i
/local alert bucket created\!/i
/local construction partner/i
/local online presence\./i
/login alert for your bank of baroda internet banking/i
/login notification \(cee hub\)/i
/login notification \(inetsub\)/i
/login notification \(meshpay\)/i
/~"lost wallet\? not anymore with this\_card"/i
/mandatsanfrage für ihre fallprüfung/i
/mandatsanfrage\: schadensersatz/i
/mandatsanfrage\: vermögensrückführung/i
/material request creation/i
/membership details including your keurig k\-elite/i
/metamask \- new sign\-in detected/i
/mitteilung der kanzlei wealth recovery/i
/more info/i
/multichoice tanzania\: your odoo periodic digest/i
/ndis \& aged care registration — reduced pricing/i
/\[nefes audio\] oturum açma bilgileri/i
/netflix\: tu código de inicio de sesión/i
/netflix\: your sign\-in code/i
/neumáticos que te acompañan/i
/\*never\* lose your 'wallet' again—track it anywhere \!\!\!/i
/newsletter subscription success/i
/next steps for your 2\026 plan update/i
/nilawar support \- party account report2\026\-\02\-18/i
/\[nishat online\] login details/i
/\[nishat online\] new user registration/i
/nómina/i
/nómina de febrero de 2\026/i
/notificação de rastreamento \- bateria desligada /i
/notificação de rastreamento \- velocidade acima de 8\0km\/h/i
/nova mensagem de contato/i
/novo contato no site \| chaveiro água viva \| eletrônica automotiva/i
/offer\: 12\-month membership plus keurig k\-elite/i
/omaha steaks is sharing a steak sampler with you/i
/one plus's location/i
/\[onesoul\] detalle de acceso/i
/\[onesoul\] registro de nuevo usuario/i
/one time verification required\./i
/online enquiry/i
/pagamento recebido/i
/página web desde \$14\0\.\0\0\0 \+ iva/i
/payment advise \(swift reference \$2\0\0k\)/i
/payment completed successfully/i
/payment \& soa schedule february 2\026\.xlsx shared with you/i
/payvessel account credited successfully \(new deposit\)/i
/\? pdb y el saldo a favor del exportador errores y soluciones/i
/\!\!\! peacemaker\!\!\!/i
/pechuga deshuesada a precio mayorista \+ envío gratis/i
/pedido cancelado/i
/pending quality checks for transfer wh\/in\/\02276/i
/please confirm your email address\./i
/please review the details of this attempted charge/i
/pop3 connection error/i
/popular otc drug linked to sudden vision loss\?/i
/power event notification/i
/production sales offer 2\026/i
/production transfer completed/i
/professionelle fallanalyse angeboten/i
/professionelle hilfe für betrugsopfer/i
/professionelle unterstützung verfügbar/i
/professionelle vermögensrückgewinnung/i
/profile verification is pending/i
/project work items summary/i
/prüfung ihrer schadensersatzansprüche/i
/puffy legs caused by “pee hormone”/i
/query creation failure alert\!/i
/quick introduction/i
/recebido\: aluguel \- consulta para o imóvel em rua jc32 \- jardim curitiba\, goiânia \- goiás cód\. kn\0\03\0/i
/rechtliche begleitung bei betrugsschäden/i
/rechtliche beratung für geschädigte/i
/rechtliche ersteinschätzung verfügbar/i
/rechtliche hilfe bei online\-betrug/i
/rechtliche möglichkeiten ausschöpfen/i
/rechtliche optionen bei anlagebetrug/i
/rechtliche schritte bei finanzbetrug/i
/rechtliche unterstützung bei vermögensverlust/i
/rechtliche würdigung ihrer situation/i
/rechtsanwaltliche mitteilung zur vermögensrückgewinnung/i
/rechtsbeistand bei digitalem finanzbetrug/i
/rechtsbeistand bei kapitalschäden/i
/recuperação de senha \- jf empregos/i
/rede müller informa\: há títulos vencidos/i
/re\: draft report\_ahdesigns\_po581871\_february 14\, 2\026/i
/re\:enquiry sports wears/i
/regarding your upcoming membership/i
/registration \:\: sd divya aushdhi life/i
/\? reglamento interno de trabajo incluye modelo de \?\?\? elaboración y actualización/i
/re\: hey/i
/re\: hi/i
/re\: ky/i
/re\: liderança\, execução e resultados/i
/reminder\: subscription update required/i
/re\: \*never\* lose your 'wallet' again—track it anywhere \!\!\!/i
/re\: ok/i
/re\: oke/i
/request for proposal \- mrn 5\061\, 5\057\, 5\059 \& 5\064/i
/re \: quick chat about improving your website visibility/i
/re\: request for proposal \- mrn 5\061\, 5\057\, 5\059 \& 5\064/i
/reserva de hora auditron chile/i
/reset password notification/i
/reset your password/i
/re\: trusteeship/i
/review your options for the 2\026 plan change/i
/revisa si tu plan de salud puede mejorar hoy/i
/road kit included for aaa licensed drivers/i
/roadside kit available for aaa licensed drivers/i
/rückforderung verlorener vermögenswerte/i
/rückgewinnung ihrer vermögenswerte/i
/sachinatmail's location/i
/sachkundige beratung bei betrug/i
/sachliche prüfung ihres anliegens/i
/sales order creation/i
/saturday meeting/i
/savor a sample from omaha steaks/i
/sba 7\(a\) submission cleared \| authorization 7a\-1182\04/i
/schadensersatzansprüche prüfen lassen/i
/security alert\: new login to your adverify account/i
/\*\*segundo recordatorio\*\* nómina/i
/seorang anggota baru telah bergabung dengan tim anda\!/i
/session reminder from club z\! tutoring/i
/session reminder from club z\! tutoring services of naperville and elmhurst/i
/seu documento unimed esta disponivel\!/i
/sgk \& çsgb dijital iş kanunu geldi\: fesih \& disiplin süreçleri değişti/i
/short survey\, big impact\. share your feedback now\!/i
/şifre sıfırlama/i
/signature requested on "agency agreement and external agency policy \- saeedtarrad l\.l\.c\./i
/sipariş no\: 146181/i
/small update related to your profile/i
/smtp test/i
/smtp test\: atoztechy\.com/i
/smtp test\: atoztechy\.com\./i
/smtp test email/i
/smtp test\: hairadk\.com/i
/smtp test\: ledsdj\.com/i
/smtp test\: prasanthahv\.com/i
/somos la solución en reclutamiento/i
/\{spam\?\} let’s start getting to know each other\./i
/spezialisierte anwaltskanzlei berät sie/i
/spezialisierte beratung bei betrug/i
/spezialisierte rechtsberatung bei betrug/i
/sponsored eshots to european pharmaceuticals manufacturers/i
/stillherexatlantisworld \- your sign up request is pending approval/i
/storage notice\: your space is critically low\, please review/i
/storage warning\: free space running out/i
/supply sports wears/i
/supriya's location/i
/teklif formu/i
/thanks again for your marriott stay/i
/thanks for staying with us at marriott/i
/thank you\, as a note for your last costco visit\, we have a gift waiting/i
/thank you for contacting stone emporium/i
/thank you for time\, here is your \$1\0\0\0 card\./i
/thank you for your time\, here is your \$1\0\0\0\.\0\0 card/i
/thank you for your time\, here is your one thousand dollar gift card/i
/thank you your time\, here is your \$1\0\0\0 gift card/i
/this 7\0\0 yo ritual helped me manifest \$324k last month/i
/this everyday food is making your vision worse… /i
/three \(3\) incoming mails not delivered/i
/to spend at your local costco\, you have been given \$1\0\0\0 before the end of day tomorrow/i
/tracking update for your ego power\+ blower and gift card from lowe's/i
/trade\, manufacturing and regional development in focus — read the highlights in the weekly newsletter\! /i
/transaction notification/i
/turhan dekorasyon \- kayıt olduğunuz için teşekkür ederiz/i
/ukrainian beauties for love and more/i
/uma nota foi adicionada ao seu pedido de nova era recursos pedagógicos/i
/unterstützung bei der anspruchsdurchsetzung/i
/unterstützung bei der rückforderung/i
/unterstützung bei komplexen betrugsfällen/i
/unverbindliche beratung für geschädigte/i
/update on your 2\026 plan and available options/i
/update on your target at home workout bundle shipment/i
/update regarding your gift basket/i
/update released/i
/update\: your at home workout bundle is now en route/i
/upon participation\, you will receive a \$75\0 gift card/i
/urgente\: notificación de mensajes en cola/i
/user's location/i
/uw profiel/i
/verify email address/i
/vermögensschäden rechtlich angehen/i
/vermögensschaden rechtlich aufarbeiten/i
/vertrauliche analyse ihres falles/i
/vertrauliche anfrage unserer kanzlei/i
/vertrauliche beratung ohne verpflichtung/i
/vertrauliche information unserer kanzlei/i
/vertrauliche mandatsanfrage/i
/vertrauliche prüfung ihres falles/i
/vertrauliche rechtsberatung angeboten/i
/viernes 2\0\-\03 jornada de derecho laboral práctico/i
/view\: account update for your hdfc bank a\/c/i
/\? viral items — thousands sold\, try them today \?/i
/wallet topup\(\)/i
/warning\: imap\/pop3 and smtp server authentication/i
/we appreciate your stay \- here's a thank\-you/i
/webinar on 'fundamentals of zakat'\!/i
/webinar on stores inventory and warehouse/i
/weekly product updates/i
/we enjoyed hosting you at marriott/i
/we have a thank\-you gift for your stay/i
/welcome/i
/welcome \(viktech\)/i
/we picked a steak sampler for you to try/i
/we’re giving you \$75\0 to blow at walmart before tomorrow is over/i
/we’re updating our terms and privacy policy/i
/we were unable to deliver your parcel/i
/where exterior projects usually break/i
/which drink is silently destroying your joints\?/i
/which type of fruit destroys “morning wood”\?/i
/whmcs daily system cron attention needed/i
/whmcs domain synchronisation cron report/i
/xsjybldb'den mesajınız var/i
/xsjybldb mesaj gönderdi/i
/yeni müşteri/i
/yeni siparişiniz var/i
/you get a new smtp/i
/you have 13 unread messages from alibaba\.com/i
/you have a new offer request from agrotronic systems\&quot\;/i
/you have a payment dispute/i
/you have a thank\-you gift from your marriott stay/i
/you have been given 1\0\0\0 bucks to spend at your local costco before the end of day tomorrow/i
/you have been given 1\0\0\0 dollars to spend at your local costco before the end of day tomorrow/i
/you have been given one thousand dollars to spend at your local costco before the end of day tomorrow/i
/your \$1\0\0\0 gift card is here\, thank you for your time/i
/your 12\-month membership includes a keurig coffee maker/i
/your 12\-month membership includes a keurig k\-elite coffee machine/i
/your aaa driver benefit\: the road kit/i
/your aaa licensed driver road kit details/i
/your aaa membership includes a road kit/i
/your appreciation gift from marriott/i
/your assigned work items/i
/your driver benefits include a road kit/i
/your ego power\+ blower and lowe's card are on the way/i
/your email account password is set to expire in 48 hrs/i
/your \(free\) way to save on hotels\: ihg business edge/i
/your health kit is scheduled to ship this weekend/i
/your lowe's delivery is on the way\, including the ego power\+ blower/i
/your lowes order with an \$85 gift card is shipping now/i
/your membership\, plus a coffee machine on us/i
/your order has been executed/i
/your road kit from aaa is ready/i
/your saba tark account has been created\!/i
/your tymora analytical account has been created\!/i
/your username and password on https\:\/\/www\.gravitysplash\.com/i
/your wambooka account has been created\!/i
/you’ve been given \$75\0\.\0\0 to use at sam's club\.\.\. but the clock runs out tomorrow/i
/you’ve been given 75\0\.\0\0 to use at sam's club\.\.\. but the clock runs out tomorrow/i
/you’ve been given 75\0 dollars to use at sam's club\.\.\. but the clock runs out tomorrow/i
/you’ve been given \$75\0 to use at sam's club\.\.\. the clock runs out tomorrow/i
/you will receive a \$75\0\.\0\0 gift card for your participation/i
/you will receive a \$75\0\.\0\0 gift card for your participation\./i
/you will receive a \$75\0 gift card for participation/i
/you will receive a \$75\0 gift card for participation\./i
