#manual
##
## lets split off common phish urls into their own map
help.disneyplus.com
inmotionhosting.com
americanexpress.com
www208.americanexpress.com
www.regions.com
##
##
funnelish.com
myhuaweicloud.com
dweb.link
ipfs.dweb.link
ct.sendgrid.net
cloudflare-ipfs.com
run.app
googleusercontent.com
pixly.me
tinyurl.com
surl.me
bit.ly
j.mp
bitly.com
cutt.ly
docs.google.com
web.app
firebasestorage.googleapis.com
#fonts.googleapis.com
000webhostapp.com
sites.google.com
page.link
rebrand.ly
ow.ly
glitch.me
appdomain.cloud
siteleaf.com
storage.cloud.google.com
sharepoint.com
dropbox.com
s3.amazonaws.com
amazonaws.com
netlify.app
feedproxy.google.com
repl.co
# used in elon musk spam lets move to mailchannels
app.getresponse.com
# plesk
plesk.page
#twitter
t.co
#dynamicdns
softether.net
typeform.com
#id spam uses this
#campaign-image.com
maillist-manage.com
novoib-app.com.br
han.gl
wix.com
backblazeb2.com
selcdn.ru
# hot asian spam
contaboserver.com
s.id
pages.dev
duckdns.org
bit.do
s.yam.com
# lots of compromises
gladiatorpoint.com
wa.me
t.ly
weebly.com
dynserv.org
blankventures.us14.list-manage.com
mailing.sparkasse.de
imgur.com
1drv.ms
digitaloceanspaces.com
fleek.co
sendgrid.net
#phishing
demo.cpanel.net
translate.goog
urlzs.com
# can't have anything for free with out abuse
#i.is.cc
#domain for sale
godaddy.com
emlnk.com
adfoc.us
#used in spam
acesearcher.com
rmvme.com
#end
myhuaweicloud.com
madeon.it
s3.wasabisys.com
s3.us-west-1.wasabisys.com
storageapi.fleek.one
workers.dev
wixsite.com
amplifyapp.com
ipfs.io
herokuapp.com
feeds.feedburner.com
oraclecloud.com
zpr.io
smtper.net
crazydomains.com
filebin.net
webflow.io
linodeusercontent.com
germangenealogygroup.com
empulse.xyz
cmail19.com
smtp-messaging.com
mcusercontent.com
l.linklyhq.com
linklyhq.com
outreach.radixweb.com
s4-tastewp.com
googleweblight.com
serveirc.com
is.gd
codesandbox.io
#spamcop
cloudipden.com
ilottoclub.com
#https://adclick.g.doubleclick.net/pcs/click?fjNNRWSRUY956576-Novemberkd&&adurl=https:// open redirect?
adclick.g.doubleclick.net
www.bmv.bz.it
calendly.com
mjt.lu
ispot.cc
u.to
blob.core.windows.net
tsmtpclick.com
shorturl.at
dynip.online
t.me
i.imgur.com
cryptocheckout.co
assets.unlayer.com
l.wl.co
massivegrid.net
gg.gg
summeryd.ru.com
ru.com
mediafire.com
discord.gg
scanned.page
smrtermail.com
qrco.de
m.me
explorebenefits.cloud
script.google.com
business.google.com
lc.cx
linodeobjects.com
secure-media.hotstarext.com
r2.dev
vercel.app
rb.gy
##https://ad.doubleclick.net/clk;265186560;90846275;t;pc=%5BTPAS_ID%5D?//juazeiroresidencehotel.com.br/27bfa74a/webmails7//UruvML3Q/WdkiRs/bmV0d29ya0BpbnRlcnNlcnZlci5uZXQ=
ad.doubleclick.net
zeep.ly
plutol.ink
upload.wikimedia.org
#spam complaints
readersmagnet.com
awsapprunner.com
shorten.ee
telegra.ph
emailmarketing.locaweb.com.br
goo.su
#used in phishing once
na01.safelinks.protection.outlook.com
#https://operationssd.github.io/jinkinh.github.io/Lindex.html
github.io
s3.us-east-1.amazonaws.com
#https://graph.org/GET-BITCOIN-TRANSFER-02-23-2?hs=cafb2c163353e50677aa22eb70c7c82a& 
graph.org
##https://fgicd.r.ag.d.sendibm3.com/mk/cl/f/sh/OycZvHuFo1eQsnbUYIAGxWLw/HsTWJot1-E-6
sendibm3.com
on-fleek.app
docsend.com
#blocked by abuseix
panel.nutmailer.com
share.hsforms.com
zfrmz.com
mailtrapsending.com
mini-url.net
insight.adsrvr.org
blogspot.ae
vk.cc
comm.coinbase.com
googleads.g.doubleclick.net
surge.sh
dochub.com
#https://smex-ctp.trendmicro.com/wis/clicktime/v1/query?url=https%3a%2f%2fwww.google.com%2furl%3fq%3dhttps%253A%252F%252Fmiaahc.com%252Fsol%26sa%3dD%26sntz%3d1%26usg%3dAOvVaw1kXM4oP9uXV3xUdTf4ID33%23dmca%40interserver.net&umid=caf80b56-0ea6-487d-b726-d9356a1e2a5d&auth=b8ef8b5e5b7641384ff3b9f754ad63c1f1cba776-f45e13d37e47a01e16aa4d848d8888e8ea0b760a
smex-ctp.trendmicro.com
cliql.ink
staticrun.app
val.run
tyny.me
#https://trk.trackingdrop.com/wizz/index.php/campaigns/nx898cghntbf6/track-url/jq551dmvmoa3f/16eb99109e8aac94b8479ad7e2696be13f650ca8
trk.trackingdrop.com
vk.com
clck.ru
forms.gle
qi.lv
paste.gd
search.app
#https://user.mxmango.com/690c67e28cf3d34ef038a7e7/l/meWU95aMehlLN7xZi?rn=/#dmca@interserver.net
user.mxmango.com
forms.cloud.microsoft
edgeone.app
form.questionscout.com
poczta.wp.pl
#spamhaus dbl but maybe legit
resend-clicks-a.com
at-band-camp.net
ath.cx
barrell-of-knowledge.info
barrel-of-knowledge.info
better-than.tv
blogdns.com
blogdns.net
blogdns.org
blogsite.org
boldlygoingnowhere.org
broke-it.net
buyshouses.net
cechire.com
dnsalias.com
dnsalias.net
dnsalias.org
dnsdojo.com
dnsdojo.net
dnsdojo.org
does-it.net
doesntexist.com
doesntexist.org
dontexist.com
dontexist.net
dontexist.org
doomdns.com
doomdns.org
dvrdns.org
dynalias.com
dynalias.net
dynalias.org
dynathome.net
dyndns-at-home.com
dyndns-at-work.com
dyndns.biz
dyndns-blog.com
dyndns-free.com
dyndns-home.com
dyndns.info
dyndns-ip.com
dyndns-mail.com
dyndns-office.com
dyndns.org
dyndns-pics.com
dyndns-remote.com
dyndns-server.com
dyndns.tv
dyndns-web.com
dyndns-wiki.com
dyndns-work.com
dyndns.ws
dyn-o-saur.com
endofinternet.net
endofinternet.org
endoftheinternet.org
est-a-la-maison.com
est-a-la-masion.com
est-le-patron.com
est-mon-blogueur.com
for-better.biz
forgot.her.name
forgot.his.name
for-more.biz
for-our.info
for-some.biz
for-the.biz
from-ak.com
from-al.com
from-ar.com
from-az.net
from-ca.com
from-co.net
from-ct.com
from-dc.com
from-de.com
from-fl.com
from-ga.com
from-hi.com
from-ia.com
from-id.com
from-il.com
from-in.com
from-ks.com
from-ky.com
from-la.net
from-ma.com
from-md.com
from-me.org
from-mi.com
from-mn.com
from-mo.com
from-ms.com
from-mt.com
from-nc.com
from-nd.com
from-ne.com
from-nh.com
from-nj.com
from-nm.com
from-nv.com
from-ny.net
from-oh.com
from-ok.com
from-or.com
from-pa.com
from-pr.com
from-ri.com
from-sc.com
from-sd.com
from-tn.com
from-tx.com
from-ut.com
from-va.com
from-vt.com
from-wa.com
from-wi.com
from-wv.com
from-wy.com
ftpaccess.cc
fuettertdasnetz.de
game-host.org
game-server.cc
getmyip.com
gets-it.net
go.dyndns.org
gotdns.com
gotdns.org
groks-the.info
groks-this.info
ham-radio-op.net
here-for-more.info
hobby-site.com
hobby-site.org
homedns.org
home.dyndns.org
homeftp.net
homeftp.org
homeip.net
homelinux.com
homelinux.net
homelinux.org
homeunix.com
homeunix.net
homeunix.org
iamallama.com
in-the-band.net
is-a-anarchist.com
is-a-blogger.com
is-a-bookkeeper.com
is-a-bruinsfan.org
is-a-bulls-fan.com
is-a-candidate.org
is-a-caterer.com
is-a-celticsfan.org
is-a-chef.com
is-a-chef.net
is-a-chef.org
is-a-conservative.com
is-a-cpa.com
is-a-cubicle-slave.com
is-a-democrat.com
is-a-designer.com
is-a-doctor.com
is-a-financialadvisor.com
is-a-geek.com
isa-geek.com
is-a-geek.net
isa-geek.net
is-a-geek.org
isa-geek.org
is-a-green.com
is-a-guru.com
is-a-hard-worker.com
isa-hockeynut.com
is-a-hunter.com
is-a-knight.org
is-a-landscaper.com
is-a-lawyer.com
is-a-liberal.com
is-a-libertarian.com
is-a-linux-user.org
is-a-llama.com
is-a-musician.com
is-an-accountant.com
is-an-actor.com
is-an-actress.com
is-an-anarchist.com
is-an-artist.com
is-a-nascarfan.com
is-an-engineer.com
is-an-entertainer.com
is-a-nurse.com
is-a-painter.com
is-a-patsfan.org
is-a-personaltrainer.com
is-a-photographer.com
is-a-player.com
is-a-republican.com
is-a-rockstar.com
is-a-socialist.com
is-a-soxfan.org
is-a-student.com
is-a-teacher.com
is-a-techie.com
is-a-therapist.com
is-by.us
is-certified.com
is-found.org
is-gone.com
is-into-anime.com
is-into-cars.com
is-into-cartoons.com
is-into-games.com
is-leet.com
is-lost.org
is-not-certified.com
is-saved.org
is-slick.com
issmarterthanyou.com
isteingeek.de
istmein.de
is-uberleet.com
is-very-bad.org
is-very-evil.org
is-very-good.org
is-very-nice.org
is-very-sweet.org
is-with-theband.com
kicks-ass.net
kicks-ass.org
knowsitall.info
land-4-sale.us
lebtimnetz.de
leitungsen.de
likescandy.com
likes-pie.com
merseine.com
merseine.org
mine.nu
misconfused.org
mypets.ws
myphotos.cc
neat-url.com
office-on-the.net
on-the-web.tv
podzone.net
podzone.org
readmyblog.org
remotecam.nu
saves-the-whales.com
scrapper-site.net
scrapping.cc
selfip.biz
selfip.com
selfip.info
selfip.net
selfip.org
sells-for-less.com
sells-for-u.com
sells-it.net
sellsyourhome.org
servebbs.com
servebbs.net
servebbs.org
serveftp.net
serveftp.org
servegame.org
shacknet.biz
shacknet.us
shaqnet.nu
simple-url.com
space-to-rent.com
stuff-4-sale.org
stuff-4-sale.us
teaches-yoga.com
thruhere.net
traeumtgerade.de
webhop.biz
webhop.info
webhop.net
webhop.org
worse-than.tv
writesthisblog.com
b-cdn.net
share.google
form.finalform.so
seeklogo.com
go.perfectpay.com.br
plu.sh
openinapp.link
#e.ziggo.nl used in phishing but only being noted
e.ziggo.nl
#phishing
media2.comcast.net
lnkz.at
#https://tracker2.mcontact.it//View.aspx?UID=34439_2931486908_63107397
tracker2.mcontact.it
tau.lu
#used in spam
pub.i.uol.com.br
notifications.googleapis.com
azureedge.net
forward.leadtrk.net
ccut.me
via.placeholder.com
twil.io
