/growwebrank/i
/dreamwebrank/i
/rkenterpriseind/i
/qualityguestposts/i
/We.are.not.spammers.and.are.against.spamming.of.any.kind/i
/top.virus.doctors.were.left.completely.paralyzed/i
/simple.7.second.daily.ritual/i
/you.understand.that.they.may.use.automated.phone.technology.to.call.you/i
/Indian.Digital.Marketing.Company/i
/Sahoo.WebSolutions/i
/just.simply.send.a.NO.to.discontinue.receiving.emails.from.us/i
/SAN.Logistics.Limited/i
/smartertactics.com/i
/this.is.not.an.auto.generated.email/i
/prymatica/i
/the.most.advanced.B2B.marketing.automation.service/i
/Neutron.Solutions.LLC/i
/Create.your.own.Google.Form/i
/provide.any.Targeted.email.list/i
/domain-registration.ga/i
/I.will.send.you.our.seo.packages.and.price.list/i
/We.found.your.email.through.manually.efforts/i
/support.your.business.to.grow.higher.faster/i
/stop.spending.your.hard.earned.cash.on.Adwords/i
/We.came.to.know.that.you.are.concerned.about.bringing.new.customers/i
/Our.impeccable.online.marketing.technique/i
/LearnDesk.Marketplace/i
/Your.\b(?:Support|Subscription)\b.for.NORTON.\b(?:LIFE|360|PROTECTION)\b.has.been.successfully.renewed/i
/MONEY.MASTER.THE.GAME.TIỀN.LÀM.CHỦ.CUỘC.CHƠI/iu
/Intend.not.to.be.bothered.simply.react.with.UnSuB./i
/we.keep.on.sending.out.these.emails.to.all.those.people.whom.we.find.eligible.of.using.our.services/i
/If.disinterested.reply.Opt.Out.to.refrain.from.this.email/i
/contain.complete.contact.information.of.the.influential.decision.makers/i
/Looking.for.increased.high.value.traffic.from.Google/i
/Our.monthly.recurring.SEO.Management.service/i
/please.also.let.me.know.and.unsubsribe/i
/see.If.you’d.be.interested.in.acquiring.an.Email.List.of/i
/can.able.to.provide.any.targeted.business.mailing.lists/i
/please.reply.as.Remove.in.subject.line/i
/you.would.love.to.see.it.on.the.first.page.of.Google/i
/then.just.make.us.a.reply.and.we’ll.reach.you.from.corporate.ID/i
/most.importantly.converting.those.visitors.into.paying.customers/i
/Our.records.cost.only.a.few.cents.each/i
/the.sales.you.make.from.our.list.is.priceless/i
/but.it.s.not.ranking.on.Google.or.other.major.search.engine/i
/able.to.provide.any.Targeted.email.list.for.your.e-marketing.solutions/i
/HomeLight.has.helped.thousands.of.homeowners/i
/I.am.a.site.optimizer.specializing.in.getting.traffic.to.sites.from.Google/i
/I.am.the.guy.that.gets.people.to.show.up.at.the.top.of.those.searches/i
/Do.you.want.to.grow.Your.Traffic.and.Revenue/i
/Guaranteed.with.traffic.and.sales/i
/If.you.are.interested.in.getting.more.customers.to.your.business.then.your.website.is.the.most.powerful.weapon.to.win.the.battle/i
/4080925296/
/1162381620/
/.978.*310.2547/
/50.Pound.Boson/i
/Respond.with.stop.to.optout/i
/sanphamchamsocsuckhoenhatban/i
/Bt5Tg5bh3qdkoA8S9/i
/I.feel.horrible.troubling.you.and.I'm.starting.to.feel.like.a.stalker/i
/send.something.more.meaningful.this.time.instead.of.my.usual.follow.up/i
/Would.you.be.interested.in.purchasing.visitors.demographics.list/i
/Would.you.be.interested.in.acquiring.an.email.list.of/i
/If.you.do.not.wish.to.receive.future.emails.from.us..please.reply.as/i
/I.just.wanted.to.check.if.you.would.be.interested.in.acquiring.a.verified.emails.list/i
/Revert.if.you.would.be.interested.in.any.of.THESE.services/i
/We.are.an.India.based.SEM/i
/Could.I.write.an.article.for.you/i
/verifeed.emails.list.of.B2B.contacts/i
/we.will.revert.back.with.cost/i
/interested.in.acquiring.the.attendees.list/i
/Design.trends.and.technologies.to.dominate.the.eCommerce.Industry/i
/Only.for.this.month..we.are.providing.a.premium.design/i
/Your.eStore.Handyman/i
/get.started.with.our.accurate.and.verified/i
/To.stop.receiving.email.please.reply/i
/We.provide.all.services.at.much.affordable.cost/i
/happy.to.inform.you.about.my.success.in.getting.those.funds.transferred/i
/With.this.subscription.*you.will.able.to.access.the.best.system.security.features/i
/Google.is.control.humanity/i
/The.back.face.of.Google.is.the.same.as.the.anti-social.forces/i
/Google.is.control.society.through.violence/i
/using.a.sneaky.means.of.brain.waves/i
/But.I.don’t.want.to.bombard.you.with.emails.if.you're.not.interested/i
/What.if.you.could.restore.your.gut.health.with.one.simple.fix/i
/According.to.one.doctor.in.California.there.may.be.a.way/i
/Shop.Israel.is.an.online.store.bringing.awareness/i
/Kindly.revert.back.so.that.we.can.further.communicate/i
/Watch.the.quick.video.I.recorded.for.you.showing.how.we.can.drive.a.lot.more.sales.for.you.using.this.approach/i
/Double.Your.Revenue.With.A.Highly.Targeted.SEO.Strategy/i
/Guaranteed.Growth.of.your.Business.with.Best.SEO.Services/i
/Would.further.conversation.be.a.terrible.idea/i
/I.m.looking.to.schedule.a.15.minute.phone.conversation.to.learn.more.about.your.organization.s.Software.Development,needs/i
/If.you.no.longer.wish.to.receive.further.communication.you.may.respond.with.unsubscribe/i
/from.an.Internet.Marketing.Company/i
/I.would.like.to.tell.you.some.points.about.your.online.business/i
/I.know.you’re.busy.and.I.completely.understand.if.you.just.haven’t.had.the.time.to.write.me.back/i
/But.I.don’t.want.to.bombard.you.with.emails.if.you’re.not.interested/i
/Reply.with.opt.out.or.unsubscribe.to.stop.further.emails/i
/We.could.assist.you.in.transferring.data.from.existing.CRM.systems.to.Sales/i
/If.you.don’t.want.to.receive.any.e-mails.further,.please.mail.back.with.the.title.unsubscribe/i
/Instead.of.having.Anxiety.about.Your.Financial.Future/i
/DOWNLOAD.YOUR.FREE.PASSIVE.INCOME.PDF/i
/I.purchased.access.to.email.accounts.from.hackers/i
/This.software.provides.me.with.access.to.all.your.devices.controllers/i
/I.am.working.with.an.App.Development.Company.and.having.highly.professional.developers/i
/Its.Free.just.verify.your.email.and.give.me.direct.call.N.B/i
/I.have.found.your.website.from.Google.Ads,.that’s.highly.expensive.and.not.your.long.term.solution/i
/Start.SEO.for.grow.your.online.business.with.a.low.cost.budget/i
/Global.Lottery.Program.\(GLP.2023\)/i
/We.improve.your.online.reputation.and.customer.reviews.like.no.other.company.does/i
/Content.Marketing.Intensive.training.course/i
/We.are.a.professional.mobile.application.development.company/i
/Optical.Goods.Stores.and.Optometrists.across.USA/i
/Let.me.know.so\,.that.I.will.send.few.samples.and.pricing.information.for.your.review/i
/We.can.provide.you.with.any.Targeted.Email.list/i