robert.johnson6352@gmail.com
richrey4567@gmail.com
rajesh@auction.io
seanmaxit@outlook.com
abigail.rogers@tkxel.software
bigqeretail@gmail.com
hpns@nyao.ovh
gonyeranitra128@gmail.com
celiafreed857@gmail.com
herrickbutch5600@gmail.com
jared@ebizio.com
fendi.qymarket@vip.163.com
mobileappsservices4871@aol.com
thura2929@googlemail.com
thuylien7982@gmail.com
jason.herrick6341@gmail.com
big.qeretail@gmail.com
james.baker@avogtal-usa.online
stephanie.qeretail@gmail.com
sanjeev.co123@aol.com
google_eeg_crime@nyao.ovh
digitalagencyno1@outlook.com
henrypeterson6644@gmail.com
avishasyes@gmail.com
glenn@avogtal.info
ericjonesmyemail@gmail.com
courtneyrosenfeld@gigspark.biz
slederman@sethfrannexus.co
info@emmagracebrown.com
sumit.webmaneger008@gmail.com
carlosercredit@gmail.com
michaelformer.02@gmail.com
sellar.brodie@yahoo.com
simonallleu@aol.com
kellyhanson2569@gmail.com
Manojkaumar1@outlook.com
michael@borrowpartner.co
madisonconsultants@outlook.com
duanechapman876549@gmail.com
jachinyanta67@gmail.com
mobileappsservice2122@outlook.com
rufusgilbertr14@gmail.com
stellalopez7070@gmail.com