#manual
/We.are.contacting.multiple.prospects.for.this.domain/i
/kskduios78+unsubscribe/i
/client.had.approached.me.with.a.mandate.to.seek/i
/Please.see.attached,.proof.of.payment.for.the.later.invoice.received/i
/BLOCKED.INCOMING.MAIL.ACCESS/i
/You.have.reach.the.message.re-activation.point/i
/kindly.leave.a.message.to.my.email.for.easiest.communication/i
/1st.Page.on.Google/i
/website.to.get.on.first.page.of.Google/i
/Sequel.to.the.meeting.held.with.Federal.Bureau.of.Investigation/i
/beneficiary.to.claim.these.funds/i
/assist.me.relocate.my.funds/i
/I.have.a.lucrative.business.opportunity.for.you/i
/give.us.profits.in.the.short.term.without.fail/i
/Urgently.for.something.important.i.want.to.discuss/i
/spend.this.money.on.charitable.projects/i
/inherit.it.if.I.die/i
/wanted.to.reach.out.to.ask.if.you.would.be.interested.in.a.no.cost.or.obligation/i
/Do.you.have.any.interest.in.New.design.and.goods.prices/i
/price.of.one.unit.as.well.as.discounts.on.bulk.orders/i
/No.more.follow.ups?.Please.reply.with.EXCLUDE/i
/speak.with.you.about.lead.generation/i
/have.to.restart.you.mail.server.to.avoid.interruption/i
/Please.refer.to.attachment.for.our.purchase.inquiry/i
/VAUCH.Information.Technology.Private.Limited/i
/Reduce.your.Web.Application.Development.efforts/i
/Would.you.be.interested.in.acquiring.Amazon.S3/i
/To.opt-out.please.reply.with.Leave.Out.in.the.Subject.Line/i
/I.represent.a.group.of.Chinese.investors/i
/notice.of.the.unclaimed.fund/i
/Kindly.find.attached.flyer.and.loan.application.form/i
/upon.receipt.of.your.response.to.this.short.proposal/i
/If.at.all.you.are.not.interested/i
/for.successful.and.constant.business/i
/net.Quota.Upgrade/i
/you.may.not.be.able.to.send.or.receive.multiple.messages/i
/via.Money.Gram.or.Western.Union.office/i
/This.was.caused.due.to.a.system.delay,.Rectify.Below/i
/Please.See.Keep.Password.file.if/i
/Please.check.and.confirm.you.still.have.these.product/i
/message.came.to.you.as.a.surprise/i
/I.will.need.your.help.in.investing.the.sum/i
/Millions.Lottery.de.la.Copa.Mundial/i
/Your.recent.request.to.deactivate.your.e-mail.will.be.processed/i
/I.have.a.very.interesting.business.proposal.for.you/i
/My.father.was.a.business.and.wealthy.cocoa.merchant/i
/contacting.you.seeking.for.your.cooperation.to.transfer.the.Balance.payment/i
/I.have.a.deal.proposal.for.you/i
/Let.me.know.if.you.are.interested.in.our.previous.request/i
/I.am.a.freelance.financial.consultant/i
/URGENT.WARNING.FROM/i
/I.have.a.profitable,.legitimate,.risk-free.business.transaction/i
/interested.to.discuss.opportunities.between.us/i
/and.you.will.no.longer.hear.from.us/i
/global.enterprise.server.market.is.anticipated.to.achieve.a.CAGR/i
/lawyer.from.your.country.who.died.in.a.car.accident/i
/New.mail.server.update.from.webmail/i
/PPC.advertising.is.the.best.option.that.helps.you.generate.good.ROI/i
/hjhjjhkjkjkjhjjh/i
/million.Dollars.America.Lottery.prize/i
/We.need.very.large.quantities.of.these.products/i
/tender.for.the.purchase.of.your.products.in.large.quantity/i
/I.have.substantial.amount.of.money.deposited.in.a.security.vault/i
/due.to.server.security.measures/i
/Log.on.to.portal.below.to.recover.your.delay.message/i
/long.time.cancer.of.the/i
/decided.to.donate.the.sum.of/i
/An.email.verification.is.required.to.continue.using.this.email/i
/My.father.was.a.wealthy.businessman.before.his.untimely.death/i
/The.Thor.Group.provides.data.analytics.professionals/i
/recruitment.services.from.Pakistan/i
/am.affiliated.with.a.SEO.company/i
/Are.you.interested.in.SEO.services/i
/best.SEO.proposal/i
/am.banker.by.profession/i
/confirm.to.us.if.your.company.have.new.stock/i
/E-mail.Access.expires.today/i
/iPhone,.Mobile.Application.Development/i
/processing.of.your.payment.to.you/i
/United.Nations.department.of.Millennium.Development.Goals/i
/claim.your.payment.without.any.hitch/i
/Palliative.Care.payment.sum.of/i
/May.I.know.if.you.are.interested.in.any.of.our.offered.Magento.related.services/i
/Receive.premium.brand.medication.products.here/i
/Access.world.class.brand.treatment.production.here/i
/Attain.best.in.the.world.generic.and.brand.treatment.production.here/i
/if.you.do.not.wish.to.receive.any.further.emails/i
/You.can.use.it.to.redirect.its.traffic.to.your.current.website/i
/Lloyd's.Bank.Plc/i
/25.Gresham.Street/i
/1BLm91F6RgNFj1NsAmobWjwFUMQLp6cNkG/i
/was.a.zero.day.security.vulnerability.on.Zoom.app/i
/perform.sex.act.to.be.clear/i
/Investment.Project/i
/looking.for.mobile.apps.development/i
/label.became.almost.illegible/i
/parcel.shipped.from.a.government.agency/i
/I.have.a.business.Proposal/i
/CORONA.VIRUS.VICTIMS.COMPENSATION/i
/Don\'t.want.to.receive.email\?.Reply.with.\"remove\"/i
/Hello.from.Facebook.Reset.link/i
/Marketing.Initiatives.like.Email.Marketing/i
/Marketing.and.Direct.mailings/i
/Account.Update.Notification/i
/Upgrade.Mailbox.Quota/i
/Are.you.planning.to.acquire/i
/verified.email.addresses/i
/Please.respond.with.\"REMOVE\".if.you.do.not.wish.to.be.included.in.any.future/i
/SpeciaI.DlSCOUNT/msi
/We.are.contacting.several.people.for.this.domain/i
/Hello.dear\?/i
/Front.running.bot/i
/Credit.Information.Center.in.the.off\-chain world/i
/Make.investors.lose.money.right.after/i
/urgent.business.deal/i
/IDBTE4M.BOT.V87/i
/docgishell/i
/Please kindly use the button below to continue with the same password/i
/for.sale.at.GoDaddy/i
/contact.you.regarding.this.in.future/i
/vendor\/cpanel\.php/i
/\/cpanel\.php\?token\=/i
/\/cp\.php\?token\=/i
/verify your account can lead to permanent suspension/i
/May I send you our LogoMats price\-list\?/
/We can deliver high\-quality OpenCart based eCommerce/i
/The interserver\.net Team/i
/interserver\.net Mail Team/i
/Power\-ball lottery in California/
/This charge would appear on your statement as PAYPAL\*COINBASE within 24 hours/i
/All unverified accounts will be suspended on/i
/Our system has shown that your MetaMask wallet/i
/up a charity organization in your country/i
/I Have Need Guest Post At Your Site/
/To restore account use the following link\: Log in to Online Banking/iu
/Send me your what\-sap number so we can/
/and your customers since we can offer high margins on a per\-domain basis/
/Yesterday evening I purchased all over/i
/bucks worth of products through your shop/i
/to get cash from my credit card and the payment was declined/i
/additionally enclosing my statement to confirm the drawback of the funds/i
/interserver\.net password is set to Expire today/i
/Scaneado por\:IT\-Seguridad/
/Check these quality websites to sell post and link insertions/
/I wanted to send a quick follow up to see if you received my e\-mail last/
/it was impossible to get cash from my card and the payment/i
#german loan
/Zoekt u nog steeds een lening/i
/Financial robot may bring you millions\!/i
/Online earnings are the easiest way for financial independence/i
/visit GoDaddy\.com and search for the domain there/
/Intend not to be bothered simply react/i
/first page of Google search/i
/We are reaching out to many companies for this domain/i
/The domain can be used to divert its visitors/i
/Your mailbox has significantly exceeded the limit assigned to you/i
/This message is generated automatically by the server when you exceed the assigned capacity of your mailbox/i
/Please follow the instructions in the email to resolve this issue or contact your Interserver network administrator/i
/The passwогd to your mailbox .*@interserver\.net has expired/i
/gamesyoub\.com/
/mail security server/
/Interserver Web App/i
/in the hopes I can talk to the person responsible for product add\-ons at your company/
/mainly deal with the domain name registration in Shanghai/i
/I have an obligation that I would like you to complete/i
/No more follow ups\? Please reply with EXCLUDE/i
/If you are not interested then you can reply with a simple/i
/We want to place a bulk order in your company/i
/we want to confirm if your company is still active/i
/I would like you to be in charge of a matter that needs/i
/to be resolved with out appointed legal advisors/i
/The Webmail Team/
/6834 Cantrell Road \#2024\, Little Rock\, AR 72207/
/Notification for shipment sales\@interserver\.net/
/Please reply with \"DELETE\" to stop all future correspondence/i
/have to retrieve your account: \(.*\) to avoid deactivation/i
/Attached invoice with payment swift as remitted to your account/i
/take an opportunity and introduce our company for export related business/i
/back seeking your cooperation in a matter regarding funds worth/i
/The Interserver account team/i
/Louis Vuitton Bags Up To/i
/partnership with a reliable partner abroad/i
/Significant Compensation May Be Available/
/TIME IS LIMITED TO FILE\!/
/May I have your attention in discussing classified information/i
/Are you the right person to talk to\? If not\, could you refer me to the right person\?/
/Costco CHRISTMAS reward for/i
/personal loans for bad credit\?/i
/Whether you have good credit or bad credit you can check offers/i
/How are you my dear/i
/Would you be interested in a possible business partnership/i
/Lasting Erections/i
/ase check the PO and confirm the price and the delivery date/i
/Please kindly find the signed PO in attached and help sign attached/i
/ARE YOU PREPARED FOR THE NEXT GLOBAL DOWNTURN/i
/Attached pls confirm for our immediate settlement/i
/Please find attached our Purchase Order \(P\.O\.\) No\./i
/Please find attached swift copy from our bank confirming payment has been received by your bank/i
/Jai here from Advids/i
/P\.S\. If you don\'t want to hear from me again\, please let me know/i
/Jai \|\| Director \& Producer/i
/Kindly send us quote and \(MOQ\) as the items listed in the attached file is needed/i
/Grow Your Cock/i
/Blue Coding LLC \| 8550 NW 17th Street SA17712\, Miami\, Florida 33126/
/We want to export from your Company/i
/sample\@email\.tst/
/If you are interested then I will send you our prices and samples/
/I am providing guest posting service on hq sites with dofllow links/i
/secure my inheritance that my late/i
/I am reaching out to see if there is anything that would like to upgrade\, repair or redesign on your site/
/Just curious if you\'d be interested in a website upgrade\, repair or redesigning that could be made for very little cost/
/Affiliated with Freelancer SEO Company/
/If this is not relevant\, just reply \"REMOVE\"/i
/Nameleaders\@gmail\.com/i
/This is a one\-time investment to complete ownership of the domain/i
/I wrote to you several times to remind you of the pending amount of/i
/You have an unclaimed relief funds/i
/Renewable plan of your Norton family/i
/Did you receive my message or email/i
/interserver\.net ISP Gateway/
/Sali AdamsDomain consultant/
/Buy high\-quality products like cPanels\, Shells/i
/SMTP\-Mailers\, Leads/i
/as you requested into your bitcoin portfolio at/i
/Email Password Center\!/
/We are China Official Registrar/
/I am following up on my previous emails to see if you have any/
/software initiatives that you\'d like to work on and provide you/
/you must have been trying to contact me regarding the/i
/logistics services from China to your country/i
/transferring an abandoned fund into your bank account/i
/We are closing all old version of our Mailbox as from/i
/I need a Paid Post with permanent do follow link at this Site\./
/Release to Mailbox Upgrade Mail Quota Add to Tasks/
/We are hiring a team\, working from home\, weekly salary/
/collect debts on behalf of our/
/We seek a reputable and honest/
/contacting you to inquire if you can handle a proposed Partnership/
/I have a charity donation fund that I want/
/Sync failures occur when a mail user has not Upgraded his/i
/Donald Trump mardi au palais de justice/i
/account\-interser/
/ignorance\, your services will be completely discontinued within a period/
/Your lottery winning has been approved/i
/Account Security Info Update/i
/YOUR EMAIL ADDRESS WILL BE DISABLED IF NOT UPDATED/i
/Sr\. Demand Generation Manager/
/Are you available for a quick 5 mins call to discuss this further/
/SoftAims Remote Engin/i
/ve discussed some new paragraphs in our agreement/
/of our users very seriously and we expect all advertisers to follow our guidelines/i
/wanted to remind you about the IRS Employee Retention Tax Credit/i
/Are you looking for affordable App Developer\?/i
/We are not very interested to work with distributors/i
/FYI\, attached file\./
/This is our final warning\: if there is no action taken\, your account will be permanently deleted within the next/
/You can visit our site by copying the link below and placing it in the url in your brows\:/
/I have selected you to receive a cash donation/i
/Sent From interserver\.net Scanner/i
/We discovered an unknown activity on your Discover Card/i
/Heeft u nog steeds behoefte aan een passende lening/i
/A Payee was added on your acc please click/i
/This morning I bought product from your shop in the sum of/i
/did you receive it\?because I need assistance from you/
/Our system has shown that your Metamask wallet has not yet been verified/i
/record in a related bequest unclaimed policy/
/We are interested in funding your investment project/i
/warehouse and cannot be delivered due to incomplete address information/i
/Hi \(first name\) \.\.\. just kidding/i
/The funds on your Binance wallet are temporarily Blocked/i
/Your page has been reported for Copyright claims regarding materials/i
/we provide web and mobile app development/i
/Your Email account has exceeded the storage limit set by the/i
/Get \$100 to \$40\,000 In as Soon as the Next Business Day/
##################
# spam links
##################
/\/JP\/webmail\.php/
/mail\/upd\/Afo\//
/94\.198\.43\.74/
#spam phone
/7578799262/
/national\-lottery\.co\.uk/
/portal\.ertcexpress\.com/
/stronanschool\.com/
/WWW\.HORUX\.AL/
/gengyajing\@grt\-china\.com/
/evalground\.com/
/aiibeauty\.com/
/montarena\.com/
/kxjups\.com/
/HostsManager\.com/i
/ai\-botix\.com/
