#manual
myhuaweicloud.com
dweb.link
ipfs.dweb.link
ct.sendgrid.net
cloudflare-ipfs.com
run.app
googleusercontent.com
pixly.me
tinyurl.com
surl.me
bit.ly
j.mp
bitly.com
cutt.ly
docs.google.com
web.app
firebasestorage.googleapis.com
000webhostapp.com
sites.google.com
page.link
rebrand.ly
ow.ly
glitch.me
appdomain.cloud
siteleaf.com
storage.cloud.google.com
sharepoint.com
dropbox.com
s3.amazonaws.com
amazonaws.com
netlify.app
feedproxy.google.com
repl.co
# used in elon musk spam lets move to mailchannels
app.getresponse.com
# plesk
plesk.page
#twitter
t.co
#dynamicdns
softether.net
typeform.com
#id spam uses this
#campaign-image.com
maillist-manage.com
novoib-app.com.br
han.gl
wix.com
backblazeb2.com
selcdn.ru
# hot asian spam
contaboserver.com
s.id
pages.dev
duckdns.org
bit.do
s.yam.com
# lots of compromises
gladiatorpoint.com
wa.me
t.ly
weebly.com
dynserv.org
blankventures.us14.list-manage.com
mailing.sparkasse.de
imgur.com
1drv.ms
digitaloceanspaces.com
fleek.co
sendgrid.net
#phishing
demo.cpanel.net
translate.goog
urlzs.com
# can't have anything for free with out abuse
#i.is.cc
#domain for sale
godaddy.com
emlnk.com
adfoc.us
#used in spam
acesearcher.com
rmvme.com
#end
myhuaweicloud.com
madeon.it
s3.wasabisys.com
s3.us-west-1.wasabisys.com
storageapi.fleek.one
workers.dev
wixsite.com
amplifyapp.com
ipfs.io
herokuapp.com
feeds.feedburner.com
oraclecloud.com
zpr.io
smtper.net
crazydomains.com
filebin.net
webflow.io
linodeusercontent.com
germangenealogygroup.com
empulse.xyz
cmail19.com
smtp-messaging.com
mcusercontent.com
l.linklyhq.com
linklyhq.com
outreach.radixweb.com
s4-tastewp.com
googleweblight.com
serveirc.com
is.gd
codesandbox.io
