/wp\-includes\/SimplePie\/index.*/
/wp\-includes\/old\//
/36586\:kaww.php/
/wp\-content\/themes\/skanda\//
/wp\-admin\/wp-image\//
/wp\-content\/uploads\//
/\.well-known\//
/.*rootz\/index/
/eng\/auth/
/vendor\/phpunit\/phpunit\/src\/Util\/PHP/
/hh\/z\/upgrade\/index.*/
/wp\-admin\/css\//
/wp\-admin\/images\//
/wp\-content\/plugins\/103\//
/wp\-content\/plugins\/update\//
/wp\-content\/plugins\/woocommerce\/packages\/woocommerce-admin\/includes\/emails\/view/
/dhl\/verification\//
/wp\-content\/themes\/izo\/index/
/assets\/css\/.+\.php/
/wp\-content\/plugins\/.+\/jserv\/main/
/alili\/kevin/
/czvhpfj/
/wp\-includes\/Doc\/update\/index/
/wp\-admin\/xlx\/Wp-images\//
/js\/editor\/langs\/signin.php/
/updatedwebmails\//
/onedrive\/index.php/
/3index\.php/
/eval\(\)\'d/
/wp\-admin\/wp-css.php/
/ultimate\-faqs\/lib\/PHPSpreadsheet/
/leafmailer2\.8\.php/
/xmrlpc\.php7/
#
# x-mailders
#
/X\-Mailer\: gophish/
/X\-Basq\-Mailer/
/X\-Mailer\: MBM/
#
#
#
/aenycloud\.com\/mailbox\.php/
/74\.50\.95\.34\/inbox\.php/
/wp\-admin\/555/
/List-Unsubscribe\:.*\?fluentcrm\=1/
/files\/popup\_image\//
#
#x-php
#
#
/X\-PHP\-Originating\-Script\: [0-9]{2,4}\:Fumon\.php/
/X\-PHP\-Originating\-Script\: [0-9]{2,4}\:MailE\.php/
/X\-PHP\-Originating\-Script\: [0-9]{2,4}\:LAMO\.php/
/X\-PHP\-Script\: .*\/install\/
#
#
#
/ckeditor\/ckfinder\/skins/
/REMOTE\_ADDR\: 45\.154\.138\.217/
/Reply\-To\: \"sample\@email\.tst\"/
##
##
/upload\/sendme\.php/
##
##
## PHP ip spam
/php for 170\.80\.135\.106/
/php for 5\.78\.55\.169/
/php for 105\.155\.96\.170/
/php for 104\.143\.43\.69/
/php for 168\.232\.207\.1/
/php for 94\.198\.43\./
/php for 138\.199\.60\./
/php for 81\.19\.135\.37/
/php for 209\.145\.56\.2/
#END
