#\s matches any whitespace character (equivalent to [\r\n\t\f\v ])
/\sbusinessman\s/i
/\scompensasion\s/i
/\sfund\s/i
/\safrica\s/i
/\scorona\s/i
/\spandemic\s/i
/\smillion\s/i
/\sFaithfully\s/i
/\scovid\s/i
/\sbreast\s/i
/\sdied\s/i
/\sinheritance\s/i
/\sorphan\s/i
/\sOrphanage\s/i
/\snigeria\s/i
/\sinvestment\s/i
/\sambassedor\s/i
/\sLibyan\s/i
/\sGaddafi\s/i
/\sasylum\s/i
/\sMuammar\s/i
/\sInquiry\s/i
/\surgent\s/i
/\sbiological\s/i
/\swidow\s/i
/\sproposal\s/i
/\swholesale\s/i
/\shsbc\s/i
/\sJohannesburg\s/i
/\sethiopian\s/i
/\scock\s/i
/\sbabes\s/i
/\shookup\s/i
/\shotties\s/i
/\sbabe\s/i
/\sstunning\s/i
/\ssatisfy\s/i
/\svigorous\s/i
/\slover\s/i
/\sgeneric\s/i
/\sseo\s/i
/\smobile.app\s/i
/\stinnitus\s/i
/\sbelly.fat\s/i
/\sdonation\s/i
/\sLoan.Offer\s/i
#ES
/\smorte.prematura\s/i
/\sseu.banco\s/i
/\snacionalidade\s/i
#end ES
/\shot.ladies\s/i
/\shook-ups\s/i
/\scommunity.ass\s/i
/\swebinar\s/i
/\sviagra\s/i
/\sCialis\s/i
/\sLevitra\s/i
/\sdecentralized\s/i
/\sprofiteering\s/i
/\sBlockchain\s/i
/\stoken.price\s/i
/\sAmerican.heiress\s/i
/\scharity.project\s/i
/\sSoft.Loan\s/i
/\shello.dear\s/i
/\sforeign.partner\s/i
/\spetroleum.products\s/i
/\ssmtpfox\s/i
/\sejaculation\s/i
/\spretty.Asian.ladies\s/i
/\sverified.profiles\s/i
/\ssluts\s/i
/\scargo.parcel\s/i
/\sDear.Shopper\s/i
/\sitem.slip\s/i
/\sOpen.immediately\s/i
/\sremove.yourself\s/i
/\sbad.credit\s/i
/\sacorn.Finance\s/i
/\sAdvids\s/i
/\spencil.dick\s/i
/\sBlue.Coding\s/i
/\sguest.posting\s/i
/\sdeceased.funds\s/i
/\slucrative.business\s/i
/\slottery.winning\s/i
/\sBNKPopular.Enterprise\s/i
