#manual
##
## single woman spam
##
/Find sex partner/i
/get your cock/i
/Hook\-up without the headache/i
/access your penis/i
/sex eager females/i
/Beautiful bitches/i
/Beautiful women within your district/i
/Beautiful hotties/i
/Attractive and slutty/i
/All you require is hookup/i
/Attractive ladies within your neighborhood/i
/Gorgeous dates in your city/i
/Stop to cry about loneliness/
/U can find out your dream/
/We found [1-9] girls/
/girls are looking for you/i
/intimate photos/i
/private pics/i
/private photos/i
/personal photos/i
/private video for free/i
/private video from/i
/liked your profile picture/i
/Single women in your area/i
/Cock hungry hotties in your city/i
/Thinking of you all day long/i
/I do think I discovered someone to adore/i
/I think I uncovered someone to love/i
/I like just how you look/i
/I can definitely make you smile/i
/I really can make you giggle/i
##
## adult content / dating
##
/Tired of traditional dating/i
/Let\'s Enjoy Life Together\: Casual Dating/
/Looking for fun and romance without the commitment/i
/Discover fun dating with required\!/
/No Expectations, Just Connection\: Interested in Casual Dating\?/
/No Strings Attached: Dating with Freedom/i
/Become a member of to start connecting with like\-minded individuals/i
/anal39 prostitutki/
/add you in her list/i
/vk.com/doc/i
/Buy SEO package and get SMO package free/i
/I RECORDED YOU/i
/Welcome to Adult dating/i
/Want a pretty woman today/i
/Welcome to sex/i
/Welcome to Adult XXX/i
/Welcome to Dating/i
/Welcome to Private dating/i
/Welcome to Private Adult/i
/Healthcare Facility Managers Contacts/i
/New email database for UK/i
/Attain top rated generic treatment production here/i
/Broke up with my boyfriend yesterday. Wanna no strings attached/i
/What do you think will happen in the stock market/i
/Once in a Lifetime Stimulus Available/i
/Murilo Guerra de Oliveira/i
/secret pictures/i
/The personal images of/i
/request to share her private photos/i
/sex tape of/i
/nude pictures/i
# spam outbreak
/FOR YOUR ACTION:.*removal from.*is Processing/i
/hi.*:.*et.*eri.*clud.*oup.*onfu.*/iu
/g.*et a c.*han.*ce t.*siv.*war.*/iu
/wso edit New Shell pass/i
/Denver.Physical.Therapy.at.Home/iu
/Physical.Therapy.Clinic.needed.if.your.area/i
/Chiropractor and Healthcare Insights/i
/U heeft een nieuw bericht/i
/interserver.net Password Verification/i
/Ga naar de berichtenbox/i
/ForYour DreamBathroom/i
/DEXTradingView TradingView for DEX and Ultra-low latency/iu
/Expiration Notice !!/u
/VPN service you can trust. 65\% discount especially for you\!/i
/YourDream BathroomAvaiIbIe. Spa Iike luxury inYourHome./i
/Add this to your water ASAP/i
/Invest In Crypto.Earn 100.000/i
/1st Page On Google/i
/Google First Position/i
/Follow Up !!!/i
/Women who know this NEVER make the first move/i
/You have some messages pending on mail server/i
/Urgent Business Proposal/i
/This has the highest kill rate/i
/TYPO3 Users with Direct dials/i
/ThePerfect Iawn is Avilable Now/i
/Connect with OpenCart users/i
/ELON MUSK GIVEAWAY CRYPTO\!/i
#subject spam
/Acquire WooCommerce Customers Records/i
/Connect with Atlassian JIRA Software User/i
/Connect with Redis Users/i
/Incoming messages failed to deliver/i
/Bulletin\, POPIA Act/i
/English Proofreading and Editing/i
/Verified Contact details of/i
/Quarantaine de spam - avis/i
/Best Ranking Proposal/i
/Customers Verified Accounts/i
/Re:MICROSOFT NOTICED/i
/Market to Atlassian Jira clients/i
/Healthcare Database List/i
/The secret to making your dog/i
/Nota Fiscal emitida/i
/You have 1 new message/i
/OFFICIAL CANADIAN Pharmacy/i
/Kinsta Managed Hosting Providers Users/i
/08\/21 Update/
/Aug update/
/MAILBOX SECURITY UPDATE/
/Earn upto 1\.5million naira return in 120 days/
/Russian Beauty Girls/i
/younger women older men dating site/i
/Adult Dating VIP Access/i
/Web hosting special offer video/
/Show off your summer skin/i
/interserver\.net: Password Reset/i
/Account shutdown notice/i
/Bikini Season Around the Corner/i
/Your account has been limited/i
/The Toothbrush Of The Future Is Here/i
/Your Netflix membership will be end/i
/Your Netflix subscription suspended/i
/\[Action\-Required\] Your Shipment/i
/SmartCam Pro\: The Tiny\, Discreet Video Recorder Taking the World By Storm/i
/White Wife Caught/i
/Never Seen A Smarter Backpack/i
/GPS Vehicle Trackers That Might Blow Your Mind/i
/Tempted to buy Instagram followers\?/i
/Chat with Penelope for free nude pics/i
/\[Warning\]\: P\*ssword will reset/i
/Target Odoo Users/i
/Market your Products to PrestaShop users/i
/InterServer Software Solutions/i
/Joomla web hosting service benefits/i
/Easy \& Fast to Install Solar Flood Lights Now 50\% Off/i
/mom anal sex/i
/Illuminate Your Home With SolarBright Floodlights/i
/Most affordable way to upgrade your home security and protection\./i
/Closing Few Seconds Left/i
/private images/i
/unblocked own pics/i
/hidden album/i
/males have used it/i
/ONLINE WITHOUT PRESCRIPTIONS/i
/labeling shampoo for daily use/i
/minded women locally/i
/screenshots of your data published/i
/Daily updated super sexy photo galleries/i
/Amazon S3 Users/i
/Physical Therapists Mktng Guide/i
/Find Your Perfect Match/i
/Super Discount Pack/i
/Your account is on hold because of a problem with your last payment/i
/Humanitarian Project Interested Please Contact/i
/MMPraise\: Content Calendar/i
/Water Loss Specialist Group Friday Emailer/i
/Do you want to have sex with me/i
/claim your funds/i
/All for Beautiful Love and Sex/i
/her private pictures/i
#usps scam
/Not possible to make delivery\./i
/Low Cost Battery Powered Turbine Flow Meter/i
/The job market is booming\! We hand-picked some SAP Technical consultant jobs for you\!/i
/Get Your Business Funded Today/i
/Strengthen Pet Dog Training equipment Ultrasound Repeller/i
/Looking For SEO/i
/How to clean mold off your tile and grout\?/i
/Error\, update your informations\./i
/private pictures for you/i
/Win A Free Pre\-Wedding Picture\!/i
/From Attorney General Hood/i
/Attn\: Email Account User\./i
/Serial Number\: 472976879\./i
/My sincere apology for invading into your privacy for this proposal\./i
/recorded YOU masturbating/i
/GX Smartwatch can monitor your health/i
/Advertise up to 200 MILLION EMAILS/i
/pics are already available for you/i
/All personal pics/i
/unlocked pictures/i
/sharing her personal album/i
/hidden photos/i
/Membership Suspended\: Failed to made a payment for next billing subscription/i
/free pics available for you now/i
/Verzamel je geld/i
/pictures are now opened/i
/adult pics/i
/Your last video caught/i
/Portable AC Mini Desktop Air cooler/i
/FIX Toenail Fungus Overnight With THIS/i
/Email lists 100\% VALID \- Any country in the world/i
/Ejaculation Trick/i
/Congratulations on the successful redemption of your Zomato Coupon/i
/FW\: Marketing E\-Mail for AC DRIVE SINAMICS G120X/i
/ne fonctionne pas pour vous/i
/o seu aplicativo mudou. Atendimento/i
/For all with a Jewish mother/i
/DHL informs you that your shipment is pending/i
/You can get in direct access with/i
/interserver\.net Password Update Required/
/interserver\.net Account Closing Notification/i
/Emotional Intelligence and Behavioral   management1day/i
/private photographs for you/i
/RacBook\!/i
/Prescription drugs with a big offer/i
/masculine hardon/i
/DRUG SHOP NEW/i
/Evite a suspens.*dos seus servi/iu
/Benvenuto\! Conferma la tua iscrizione a Villa Giusy/i
/Beautiful who really wants you\! write to her\!/i
/Corporate Governance Best Practice and Directors Best Practice Workshop/i
/Desire to be my very own better half \?/i
/left a comment on your profile pic/i
/Re:Hallo/iu
/keep the secret of this stranger/i
/wants sex with you/i
/Immediate action required\: Kindly verify your Account/i
/Generic \& brand medications/i
/likes your last picture/i
/2 ECSA CPD Points Accredited Concise Dashboard Reporting In Excel Workshop 2021/i
/Conveyor Operation \& Maintenance Training/i
/wants you closer/i
/Beautiful who really wants you/i
/Been Considered for inclusion with Who/i
/Canadian Exclusive/i
/Docuneeds.*Don.*Open This Email/iu
/Yo Tom Sue\!/i
/For her and for him/i
/VIEW ALL PACKS/i
/Want to be my partner \?/i
/not really a half way kinda woman/iu
/private album for you/i
/her personal pics 4 U/i
/New video release from user/i
/Put Pest worries behind you\!/i
/erfgthn/i
/Pests are unhealthy for your home\. Don't ignore them\./i
/ECSA 5 Credits Mastering Contracts Management Training/i
/Active Discount pack/i
/RE\: Invoice \#20080399/i
#sending too fast
/Conciliador Extrajudicial/i
/Herbal Pills/i
/All Discount Are Summed Up/i
/100\% Natural/i
/The hottest girls just here\!/i
/Work From Home Jobs/i
/interserver\.net Voice Message Notification/i
/^CLAIM$/
/Wichtige Mitteilung/
/Regional Partnership Request\./
/Someone Ordered For ED Pack/
/Come and spend time with me/i
/Immediate Payment Of Your Fund/i
/I do not want to be intrusive/i
/I love a variety of sex/i
/Hello Dear/i
/PLEASE VAIIDATE YOUR SHLPPING ADRESSE TRACK/i
/Re\: Investment Partner/i
/Russian\-Beauty\-Online\-/
/Browseandmeet new women now/i
/^Question about your Customer Service Representative vacancy$/i
/ONLINE Pharmacy/i
/Let\'s Go Brandon Collection/i
/lina\-love/
/LETTER OF INTENT TO SUE/i
/CANADIAN DRUGS ONLINE/i
/DRUGSTORE ONLINE/i
/pakken din er klar til levering/
/Most significant deal on prescription medications/i
/Greatest discount deal on doctor prescribed medications/i
/Dear Beneficiary/i
/Your Netflix Payment Declined/i
/Secret Funding Revealed/i
/ehrliche Fotos Ihrer Freunde/i
/Pharmacy\_RX/i
/^Check Your Account$/
/^BillNew$/
/^GetBill$/
/^ShopBill$/
/^TeamBill$/
/^BillWeb$/
/^BillShop$/
/May You are free to chat/i
/^Pay$/
/^UltraMailer \- Test Email$/i
/Ref\: IGTH \- A Private Donation to You/
/You have 10 Pending incoming emails/
/HI\!\?\?\?\?\?\?\?\?\?\?\?\?/i
/k987897897/
/DRUGSHOP ONLINE/i
/premium healing production/i
/that restore one.* strength to push all limits/i
/^WE WANT TO KEEP YOU SAFE$/
/Dit Netflix\-medlemskab er midlertidigt suspenderet/i
/RE\: An Alert about your last attempted sign in/
/You have important massage/i
/Enjoy Dating Hot Asian Singles/i
/hardon to be her only one/i
/satisfy her completely/i
/^Notification Alert$/
/IRREVOCABLE PAYMENT ORDER VIA/i
/fuck me now please/i
/^As Requested$/
/^Neuigkeiten im Onlinebanking$/
/^New Bill$/i
/Your wallet will be restricted/i
/^New Bill Pay now$/i
/You have new bill/i
/Your email will be suspended/i
/palle1900 is live\: hygge druk/i
/^Your DHL 54246452\-AV is on its way/
/^Major price reduction is currently yours$/
/^Most significant discount deal on prescribed medicine$/i
/Your Information \!/
/^Commissione di osservanza sull\'anagrafe tributaria$/
/^We noticed invalid login attempts$/
/Eat THIS one fruit to destroy herpes virus/i
/^Callgirls$/
/^Active Disc0unt pack$/i
/You have an Request\(s\) Pending/i
/^Ticket xID\:\#/i
##### smtp crack #####
/^Smtp 0$/i
/mail\..*\;587\;/
/^\!XProad/i
/\;465\;2\;LOGIN/
/\:465\(SSL\)/
/^mail\..*\:465\:/
/^webmail\..*,465\,/
/^SMTP \#40524$/
/.*:25\:1\:127.0.0.1\:1080\:socks5\:25.*/i
/L U F I X \- SMTP TEST/i
/TES SMTP\!\!/
#domain:465:email@domain:password:email@domain:ssl::::0 another smtp crack content had gohgypja
/.*.+:ssl::::0/i
#SMTP Cracker User-ID Num: [370AAAB]
/SMTP Crack/i
#shell emails
/Mini Shell/i
# coverted by /SMTP Crack/i
#/LARAVEL SMTP CRACK/i
# linked a php shell
/AccPress WMMP Hidden/i
/AccPress Rev Hidden/i
/Shell Send \#2569761/i
/Shell Send \#3047163/i
#another smtp crack
/^Smtp \#/
#common passwords
/Info\@123/i
/Smtp 1354958/
/Smtp 1404882/
/this smtp \#.* is working/i
/Smtp 1741688/
/Malicious Code Found\!/
/Many girls are looking for you\! Txt me now\!/
/^TNT Invoice \-/
/Smtp 1731188/
/FirstBank Alert On Your Account/
/^KP Schaler B$/
/Seek a girl in your area/
/^Secure Alert$/
/Turn ANY YT Channel Into a Monetized Website/i
/Professional Proofreading and Editing Service/i
/Yahoo Business Email ID for Your Domain With Unlimited Space/i
/^WellsFargo Customers$/
/^New Pending Documents$/
/Very beautiful lady wishes you/i
/Will you lick/i
/0nly Natural Pr0ducts/
/anal pressure point/
/^Hereby Advised$/
/Hi\.\!\.I divorced with my husband/
/fuck you/
/Your Antivirus Expires in 24hr/
/^za a za$/
/^Come and read$/
/^Read this one$/
/^Too important$/
/^U should read this$/
/^Verrry important$/
/^Very important$/
/^Very very important$/
/^response needed$/
/^Smtp 1638059$/
/^ONLINE CHEMIST$/
/meeting a beautiful girl/
/^You have a Gift$/
/^Many files were recently deleted from your OneDrive$/
/^Smtp 18/i
/^Smtp 17/i
/^913736$/
/^Account Locked\: Your Amazon account is on hold/i
/FD\@ \@ppr0ved/
/Wallet updating notification/
/Exclusive natural pr0ducts/i
/Exclusive St0re/i
#
/L0VE \& SEX/i
/0FF 0n all pr0ducts/i
/Delivery At H0me/i
/Satisfacti0n Guarantee/i
/Pr0duct/i
/F0r her/
/f0r him/
#
/ONLINE HEALTH STORE/i
/offer on drugs/
/Erectile Dysfunction/i
#temp
/Pending \- Order \[\#48752\-11\] iPhone 13/i
/Sehr geehrter E\-Mail\-Benutzer/
/DONATION FOR YOU\!/i
/You get a new smtp/i
/\!New SMTP\!/
/Canadian Pharmacy Discounter/iu
/^FAMILY PACK$/i
/^Take a look at.*wishlist$/iu
/^Take a look at.*wishlist$/i
/Citi\-Notices\(\(\#40\)/
/^Account Update Required$/
/FINANCIAL CRISIS CAN MAKE YOU RICH\!/i
/^You have broken messages$/
/deferred messages found$/
/deferred emails found$/
/missed emails found$/
/missed messages found$/
/delayed messages found$/
/From Fabio Antonio/
/^Hope to hear from you$/
/^Hot Video$/
/A change was made to your online banking profile/
/lnstagram Copyright Notice/
/girls are wishing for you/i
/Hundreds of girls are waiting for you/i
/It is enough to to be bored/i
/U will find out your dream/i
/Finish to cry about loneliness/i
/You will find out your partner/i
/Mail me without hesitation/i
/We Ship W0rldwide/i
/Men\'s Sex Health/i
/Many girls are awaiting for you/i
/Final N0tice/
/^AirDrop AMAZY$/
/online adult webcam/i
/super hot photo galleries/i
/free hard core sex videos/i
/big ass naked/
/naked teen ass/i
/My new hot project/i
/free video pron/i
/Y0ur healts 0n 0ur hands$/i
/T0day\'s Bestsellers/i
/THE W0RLD IS Y0URS/i
/W0rldwide st0re/i
/T0day\'s Sex\-Bestsellers/
/^Special 0ffer$/i
/We are AsappStudio an IT company/i
/Exclusive offer in your Inbox/i
/A Message From lnstagram/
/Meet your new Russian wife today/i
/Hardcore Galleries/i
/Hardcore photos/i
/New sexy website/i
/Y0urs w0rld 0n 0ur hands/i
/^We\'ve shared a file with you using Dropbox$/
/^Longin Your Account To Earn$/
/FDA appr0ved/i
/H0me delivery/i
/Disc0unt pack/i
/W0rldwide Supplier/i
/Y0ur he@lts 0n 0ur h@nds/i
/Welcome to United Overseas Bank/i
/We have detected deferred message in your mailbox/
/You have (delayed|deferred|missed) (messages|email)/
/You have [1-9] (delayed|deferred|missed) (emails|messages)/
/\$[0-9]{3}\,[0-9]{3}.[0-9]{2} USD has been donated to you/
# common password
/Test@2022$/
/Important\: Ticket N0 \:##/
/All Disc0unt Are Summed Up/i
/Subscribe Review ID\:[0-9]{8}/
/david monen matias\:[0-9]{8}/
/^Your chance to receive a FREE Power Drill$/
/^You Currently Have [1-9] Quarantined Incoming Emails$/
/Aankomende wijzigingen in de juridische overeenkomsten van PayPal/i
/^Dear Crytotak$/
/^Dear RobertMup$/
/Progressive and effective treatment/i
/Pharmacy_RX_/i
/ONLINE PURCHASE that amplify your capability/i
/On line pharmacy with ideal price rates/i
/THE ONLINE DRUGSHOP renovating male/i
/Get an enormous offer on drugs/i
/ONLINE PURCHASE retrieving one\'s strength/i
/ONLINE WITHOUT PRESCRIPTIONS/i
/Largest offer on meds/i
/^FUND NOTIFICATION/
/I am not а jealоus gi/i
/looking for a serious man/i
/Penambahan Layanan Baru/i
##
## Temporary
##
/favorite transgendered pornstar/i
/Fw\: Note from Susan Mcdougall/
/Oreder Receipt Number/
/\!Palembang Cyber Team/
/Crazy Sex Facts You/i
/Action Required \- Service Business Email Credentials Now/
/Re\: Confirmatiion\#/i
/Re\: sewing machine and sewing tools/
/Managed Hosting Providers Users for/
/Linode Software Potential Clients/
/^\{Posible Spam\} Delivery Status Notification \(Failure\)$/
/^Mystery Shoppers offer$/i
/to enable us to discuss further/
/OFF 60\%/
/^Try senter\:/
/IRS Agents With More Firepower Than SWAT Officers/i
/Payslip Mail/
/Mail service halted/i
/One Drive Scanned \- Document\: ACH payment Done/i
/Important security notification/
/DRUGSHOP ONLINE/i
/DELIVERY ATT HOME/i
/Your Coinbase will be suspended soon/i
/Avoid suspension of your Coinbase/i
/KeyBank Free Msg/i
/Invoice\-completed\;/i
/Attention\: You have \([0-9]\) Quarantined Messages/i
/VPS Providers List/
/Dossier Aquisition/i
/Financial \(M\&A\)/i
/M\&A Finance/i
/Finance (M\&A)/
/F\&A Dossier/
/M\&A Financial Project/
/Hostgator User Database/i
/^_COX_.*tls.*_MAX_$/
/::nossl::::0:/
/Interserver NEW FAX/
/meet only those you like/i
/What excites a woman/i
/Letzte Warnung\! Sie erhalten einen Betrag/i
#. matches any character
/Diet for p.nis strength/i
/Your AY 2022\-23 Refund/i
/PK001282 ORDER 6200pcs/i
/Reliable\-Code\!/i
/Parcel\#[0-9]{0,5}\-[0-9]{0,5}\-[0-9]{0,5} Arriving\!/i
/^BadCreditLoans/i
/^ALERT\: Membership Cancellation/i
/You have received a report that ownership verification has been completed to/i
/WF\:We received a request that you want to change your password/i
/^BUSINESSS PROPOSAL$/
/Login Alert for your Bank Of Baroda Internet Banking/
/Transaction alert for your Bank Of Baroda Internet Banking/
/Passione sconfinata dalle nostre ragazze/i
/aujourd\'hui tu vas baiser/i
/MEN\'S SEX HEALTS/i
/not a jealous girl/i
/looking for a serious man/i
/upon 81\.66875089574564526/i
/Your own price tag discount on drugs/i
/YOUR\'S NIGHT ON OUR HANDS/i
/Income over\-payment return/i
/^Income Tax Return \- ID\:/
/\- ID\: [0-9]{10} \- [A-Z]{10}$/
/^\#1 exclusive worldwide store/i
/\(JPMorgan\) Content for your safety/
/Are you looking for a princess\?/i
/I look at you and understand that it's time for us to get to know each other/i
/Hooray\! I found you\!/i
/miracle repair gel/
/New message from JCfUZQsq/
/Top tabs for sex/i
/For her \& for him/i
/YOUR HEALTS ON OUR HANDS/i
/^RE\:RE\:RE\:SWIFT PAYMENT \$/
/^Caixa Informa\: .*[0-9]{10} Data\: [0-9]{1,2}\/[0-9]{1,2}\/[0-9]{4}$/
/LOVE\/SEX/i
/Neuer Hinweis\: Bitte aktivieren Sie bald Ihren Gutscheincode/i
/Re\: Fwd\: Your order has a new delivery date/i
/acesso a sua conta do Mercado Pago/i
/they just want to fuck/i
/High\-Quality Meds/i
/Notification \- Your Pass\-word Expires/i
/USA PHARMACY \- MEGA DEALS/
/USA PHARMACY \- EXCLUSIVE STORE/i
/PHARMACY USA \- BEST DEALS/
/Your password has been disabled due to multiple use of incorrect login details\. For your security\,/i
/How to make madam cum tonight/i
/Quiero verte en la webcam/i
/^Payment Copy Recieved \#ACH31642$/
/^You\'ve been invited to join Private VIP Admins on/
/smtp id 1404885/
/^Mensaje Notificacion$/
/^This message is confidential\.$/
/^Urgent business proposal$/
/Alert\: Session Expired \- Pending Incoming Emails/
/^AFCU SMS$/
/Tender for the Supply and Delivery of/i
/SOA Shenzhen H\&O International Logistics/i
/^New profiles of this week\'s girls$/
#spamhaus css
/Geosentient Platform Ecosystem/i
/^Netflix\: Hay un problema/
/^Overdue Bil\:/
/^Exclusive Canadian Products$/
/Your name immediately began to excite my thoughts/i
/Your Online\/Mobile account it\'s about to expire/
/^Proof of payment deposited for invoices$/
/^Alert\! we have issues with your shipping address/
/^CPANEL WARNING\: Password Expiration Notification/
/^PAYID PAYMENT OF \(\$[0-9]{2-4}\) IS ON HOLD$/
/Your Attention Required\: \-Sent at \:/
/New message from Chase Bank/
/^TaxRefund\:$/
/ORVX\-SHOP/i
/^Ziiu\.online$/
/^SMTP Check \#[0-9]{4,6} \-/
/1urri\-fddxjwt\.us/
#850881193
/^Your package with the number [0-9]{9} is awaiting your instructions$/
/^EMAIL UPGRADE NOTICE FOR/i
/^If\-You\-Agree\.$/
/^SENT\-from\-my\-iPad\./
/^Amazon\-Online$/
/^TV\-Licensing$/
/^Netflix\: Su cuenta ha sido suspendida$/
/FWD\: John Hartner \(CEO of Everett Charles Technologies\'s \) Has Shared a File With you/
/^PHARMACEUTICAL PROVIDER/i
/^Paste your subject here$/i
/Smtp 1159109/
/Delivered 1159109/
/Sending 1159109/
/Past due Remitt Information \& New Procesing Project/
/Pdf Past due \& Ach Information/
/FIJI LLC JOB OFFER/
/Informacion\:Tu cuenta ha sido desactivada/i
/^Commonwealth Customers Identification$/
/^LOAN$/
/^Informatio for you$/
/Bonjour\.\!\!Are you tired\? Can I help you\?\?/
/Riyo Nova from Spain has sent you an inquiry/
/Attention Required\: Initial HUD Assessment Results for Electronic Submission of Financial Information/
/You are eligible to claim your tax refund\-/
/TD \,Account\:/
/^Citi\: Please open and follow update$/
/I will always write for you\. Tell me please\! \:\-\)/
/reward \- Open immediately\!/i
/Grab best in the world brand/i
/generic treatment products here/i
/generic medication products/i
/brand medication products/i
/Your Mircosoft billing statement is ready URGENT ACTION REQUIRED/
/^Dear Beloved Friend$/
/NetfIi/
/^DHL express$/i
/^Attention\: all small business owners \(especially startups\)\.$/
/^Eligible Businesses Can Recover up to \$26\,000 per Employee$/
/Southwest gift card/i
/^FCU Alert$/
/^AFCU Alert$/
/Donation made to you by Mrs/
/^Error 404 \- Page Not Found\- www\.info/
/^\@oprivado criou um novo post$/
/^Your Shipment is still pending instructions from \:/
/^Important\! Account Deletion Alert$/
/^We Offer You Loan\[/
/^Incoming messages onhold$/
/account will be terminated on May 25th/
/^Regarding Email Testing$/
/Your personal data has leaked/i
/Tu cuenta ha sido suspendid/i
/SECURE A LOAN WITH US\(CREDIT EURO FINANCE\)/
/\*\*You\'ve got a Readable Voicemail\*\*/i
/^Welcome to the \"Deals\" mailing list$/
/Optical Network Card and Optical Module/i
/^Paket wartet auf Zustellung$/
/Your PayPal Account Restriced/i
/Attention\!\!\!/
/^RE\: Marine Storekeeper Support/
/High\-severity alert\:\- Creation of redirectrule/i
/Hej hr\/fru\, Du har vundet/i
/WESTERN WORLD PROMO/
/\] Your message has been correctly sent \#ct1/
/587\;0\;LOGIN/
/will you be my partner\?/
/^FirstCitizens$/
/^CHASEBANK$/
/^FIRSTCITIZENS ALERTS$/
/Mailbox Login Restriction$/
/^Locked Card$/
/Electronic P\.ayment Notification Copy Received Today/i
/JioFiber connection having JioFixedVoice Number \+/
/Dringendes Update \!/
/^RE\:OFFER \(APPLY NOW\)$/
/^Business Proposal \:\:\:$/
/^Reminder Regarding your recent online communication$/
/Loan Offer \@ [0-9]\% Rate/i
/New\.Secured\.Message/i
/From Wells Fargo Bank/i
/Personal Information Update ID \#/i
/Important Notice Fraud Prevention Inquiry\./i
/Verify Your Identity Banking/i
/Your Direct Debit has been cancelled/
/^Your Amazon\.ca order has been cancelled$/
/^Urgent notification \- Amazon\.ca$/
/Direct debit suspension\!/
/Notifica di sospensione carta/i
/Netflix\: Tu cuenta ha sido suspendida/
/We have been unable to deliver your parcel/i
/Your ATM Card has been dispatched to your home address/i
/^Saudi Post SPL$/
/leading card holder Maker in China/i
/re\: wrapping film/
/Urgent \- Your personal data/i
/^Urgent Account Activity Alert$/i
/^Chase Bank Alert$/
/PayPal you\'ll need to update your information to continue using account/i
/Your mailbox password is about to expire/i
/Swift For Old Banlance/i
/^Veridian\-CU$/
/ACTION REQUIRED\!\!\!/
/Complaint Concerning Unapproved Transactions and Demand for Instant Refund/i
/Exceptional Digital Services for Your Business Success/i
/only want sex/i
/^Direct debit cancelled$/
/You Have an Important Notice From Truist Bank/i
/^Missing you$/
/Claim Your Reward\!/i
/Today\'s Sex\-Bestsellers/
/Sehr geehrter Kunde\,/i
/^Your account has been suspended \!$/
/^UPS Exception Notification\, Tracking Number/
